
Ra'd@DESKTOP-V1CLNL2 MINGW64 ~/Desktop/Axsos Academy/Web Fundemntals/Java Script/Remote Repo (master)
$ git init
Initialized empty Git repository in C:/Users/ابداع/Desktop/Axsos Academy/Web Fundemntals/Java Script/Remote Repo/.git/

Ra'd@DESKTOP-V1CLNL2 MINGW64 ~/Desktop/Axsos Academy/Web Fundemntals/Java Script/Remote Repo (master)
$ git add .

Ra'd@DESKTOP-V1CLNL2 MINGW64 ~/Desktop/Axsos Academy/Web Fundemntals/Java Script/Remote Repo (master)
$ git commit -m "initial commit "
[master (root-commit) 1224c00] initial commit
 3 files changed, 0 insertions(+), 0 deletions(-)
 create mode 100644 index.html
 create mode 100644 script.js
 create mode 100644 style.css

Ra'd@DESKTOP-V1CLNL2 MINGW64 ~/Desktop/Axsos Academy/Web Fundemntals/Java Script/Remote Repo (master)
$ git status
On branch master
nothing to commit, working tree clean

Ra'd@DESKTOP-V1CLNL2 MINGW64 ~/Desktop/Axsos Academy/Web Fundemntals/Java Script/Remote Repo (master)
$ git remote add origin https://github.com/RadAbdullah73/basic_repo.git

Ra'd@DESKTOP-V1CLNL2 MINGW64 ~/Desktop/Axsos Academy/Web Fundemntals/Java Script/Remote Repo (master)
$ git push origin master
Enumerating objects: 3, done.
Counting objects: 100% (3/3), done.
Delta compression using up to 4 threads
Compressing objects: 100% (2/2), done.
Writing objects: 100% (3/3), 241 bytes | 120.00 KiB/s, done.
Total 3 (delta 0), reused 0 (delta 0), pack-reused 0
To https://github.com/RadAbdullah73/basic_repo.git
 * [new branch]      master -> master

Ra'd@DESKTOP-V1CLNL2 MINGW64 ~/Desktop/Axsos Academy/Web Fundemntals/Java Script/Remote Repo (master)
$ git add index.html

Ra'd@DESKTOP-V1CLNL2 MINGW64 ~/Desktop/Axsos Academy/Web Fundemntals/Java Script/Remote Repo (master)
$ git commit -m "second commit"
[master a348497] second commit
 1 file changed, 14 insertions(+)

Ra'd@DESKTOP-V1CLNL2 MINGW64 ~/Desktop/Axsos Academy/Web Fundemntals/Java Script/Remote Repo (master)
$ git push origin master
Enumerating objects: 5, done.
Counting objects: 100% (5/5), done.
Delta compression using up to 4 threads
Compressing objects: 100% (3/3), done.
Writing objects: 100% (3/3), 489 bytes | 489.00 KiB/s, done.
Total 3 (delta 0), reused 0 (delta 0), pack-reused 0
To https://github.com/RadAbdullah73/basic_repo.git
   1224c00..a348497  master -> master

Ra'd@DESKTOP-V1CLNL2 MINGW64 ~/Desktop/Axsos Academy/Web Fundemntals/Java Script/Remote Repo (master)
